#checkers.dex
0x0000149c 8 com.google.android.checkers.Checkers <init> ()V (none) -1
0x000014b4 66 com.google.android.checkers.Checkers a (Z)V (none) -1
0x00001508 8 com.google.android.checkers.Checkers onConfigurationChanged (Landroid/content/res/Configuration;)V (none) -1
0x00001520 118 com.google.android.checkers.Checkers onCreate (Landroid/os/Bundle;)V (none) -1
0x000015a8 432 com.google.android.checkers.Checkers onCreateOptionsMenu (Landroid/view/Menu;)Z (none) -1
0x00001768 116 com.google.android.checkers.Checkers onKeyDown (ILandroid/view/KeyEvent;)Z (none) -1
0x000017ec 316 com.google.android.checkers.Checkers onOptionsItemSelected (Landroid/view/MenuItem;)Z (none) -1
0x00001938 42 com.google.android.checkers.Checkers onPause ()V (none) -1
0x00001974 16 com.google.android.checkers.Checkers onStop ()V (none) -1
0x00001994 88 com.google.android.checkers.Checkers onTrackballEvent (Landroid/view/MotionEvent;)Z (none) -1
0x000019fc 1324 com.google.android.checkers.CheckersView <init> (Landroid/content/Context;Landroid/content/SharedPreferences;)V (none) -1
0x00001f48 62 com.google.android.checkers.CheckersView a (Landroid/content/SharedPreferences$Editor;Ljava/lang/String;[I)V (none) -1
0x00001f98 66 com.google.android.checkers.CheckersView a (Landroid/content/SharedPreferences;Ljava/lang/String;[I)V (none) -1
0x00001fec 126 com.google.android.checkers.CheckersView a (Landroid/graphics/Canvas;IIII)V (none) -1
0x0000207c 162 com.google.android.checkers.CheckersView a (Landroid/graphics/Canvas;IIIILandroid/graphics/Paint;Landroid/graphics/Paint;Z)V (none) -1
0x00002130 8 com.google.android.checkers.CheckersView a (Lcom/google/android/checkers/CheckersView;I)V (none) -1
0x00002148 588 com.google.android.checkers.CheckersView a (Landroid/content/SharedPreferences;)Z (none) -1
0x000023d0 22 com.google.android.checkers.CheckersView a (Lcom/google/android/checkers/CheckersView;)Z (none) -1
0x000023f8 1290 com.google.android.checkers.CheckersView a (ZIIII)Z (none) -1
0x00002930 204 com.google.android.checkers.CheckersView b (FF)I (none) -1
0x00002a20 36 com.google.android.checkers.CheckersView b (I)V (none) -1
0x00002a60 198 com.google.android.checkers.CheckersView b (Landroid/graphics/Canvas;IIII)V (none) -1
0x00002b38 524 com.google.android.checkers.CheckersView c (I)V (none) -1
0x00002d54 176 com.google.android.checkers.CheckersView d ()V (none) -1
0x00002e14 20 com.google.android.checkers.CheckersView e ()Z (none) -1
0x00002e38 128 com.google.android.checkers.CheckersView a ()V (none) -1
0x00002ec8 226 com.google.android.checkers.CheckersView a (FF)V (none) -1
0x00002fd8 32 com.google.android.checkers.CheckersView a (IIII)V (none) -1
0x00003008 340 com.google.android.checkers.CheckersView a (Landroid/content/SharedPreferences$Editor;)V (none) -1
0x00003178 34 com.google.android.checkers.CheckersView a (I)Z (none) -1
0x000031ac 44 com.google.android.checkers.CheckersView a (Z)Z (none) -1
0x000031f4 60 com.google.android.checkers.CheckersView b ()V (none) -1
0x0000324c 138 com.google.android.checkers.CheckersView b (Z)Z (none) -1
0x000032f4 16 com.google.android.checkers.CheckersView c ()I (none) -1
0x00003320 68 com.google.android.checkers.CheckersView c (Z)Z (none) -1
0x00003380 38 com.google.android.checkers.CheckersView d (Z)Z (none) -1
0x000033c4 2528 com.google.android.checkers.CheckersView draw (Landroid/graphics/Canvas;)V (none) -1
0x00003dd0 38 com.google.android.checkers.CheckersView e (Z)Z (none) -1
0x00003e14 104 com.google.android.checkers.CheckersView onSizeChanged (IIII)V (none) -1
0x00003e98 82 com.google.android.checkers.CheckersView onTouchEvent (Landroid/view/MotionEvent;)Z (none) -1
0x00003efc 128 com.google.android.checkers.CheckersView setLevel (I)V (none) -1
0x00003f98 2780 com.google.android.checkers.a <clinit> ()V (none) -1
0x00004a84 188 com.google.android.checkers.a <init> (Lcom/google/android/checkers/CheckersView;)V (none) -1
0x00004b5c 28 com.google.android.checkers.a a (II)I (none) -1
0x00004b88 2592 com.google.android.checkers.a a (IIIIIZ)I (none) -1
0x000055b8 110 com.google.android.checkers.a a (IZ)I (none) -1
0x00005638 196 com.google.android.checkers.a a (Z)I (none) -1
0x0000570c 112 com.google.android.checkers.a a (ZII)I (none) -1
0x0000578c 88 com.google.android.checkers.a a (ZIIIZ)I (none) -1
0x000057f4 68 com.google.android.checkers.a a (ZIIZ)I (none) -1
0x00005848 152 com.google.android.checkers.a a (IIII)V (none) -1
0x000058f0 78 com.google.android.checkers.a a (IIIII)V (none) -1
0x00005950 198 com.google.android.checkers.a a (IIIIIIII)V (none) -1
0x00005a28 1750 com.google.android.checkers.a a (IZI)Z (none) -1
0x00006110 92 com.google.android.checkers.a b (ZIIIZ)I (none) -1
0x0000617c 112 com.google.android.checkers.a b (ZIIZ)I (none) -1
0x000061fc 38 com.google.android.checkers.a b ()V (none) -1
0x0000624c 736 com.google.android.checkers.a b (I)V (none) -1
0x0000653c 198 com.google.android.checkers.a b (IIIIIIII)V (none) -1
0x00006614 922 com.google.android.checkers.a b (IZI)Z (none) -1
0x000069c0 108 com.google.android.checkers.a c (ZIIZ)I (none) -1
0x00006a3c 16 com.google.android.checkers.a c ()V (none) -1
0x00006a68 406 com.google.android.checkers.a c (IIIIIIII)V (none) -1
0x00006c10 112 com.google.android.checkers.a d (ZIIZ)I (none) -1
0x00006c90 16 com.google.android.checkers.a a (ZZ)I (none) -1
0x00006cb0 90 com.google.android.checkers.a a ()V (none) -1
0x00006d1c 8 com.google.android.checkers.a a (I)V (none) -1
0x00006d34 74 com.google.android.checkers.a a (IIIIZ)V (none) -1
0x00006d90 32 com.google.android.checkers.a b (ZZ)V (none) -1
0x00006dcc 1052 com.google.android.checkers.a run ()V (none) -1
0x000071f8 12 com.google.android.checkers.b <init> (Lcom/google/android/checkers/CheckersView;)V (none) -1
0x00007214 28 com.google.android.checkers.b onClick (Landroid/content/DialogInterface;I)V (none) -1
0x00007240 12 com.google.android.checkers.c <init> (Lcom/google/android/checkers/CheckersView;)V (none) -1
0x0000725c 2 com.google.android.checkers.c onClick (Landroid/content/DialogInterface;I)V (none) -1
0x00007270 12 com.google.android.checkers.d <init> (Lcom/google/android/checkers/CheckersView;)V (none) -1
0x0000728c 2 com.google.android.checkers.d onClick (Landroid/content/DialogInterface;I)V (none) -1
0x000072a0 12 com.google.android.checkers.e <init> (Lcom/google/android/checkers/CheckersView;)V (none) -1
0x000072bc 14 com.google.android.checkers.e onClick (Landroid/content/DialogInterface;I)V (none) -1
0x000072dc 12 com.google.android.checkers.f <init> (Lcom/google/android/checkers/CheckersView;)V (none) -1
0x000072f8 12 com.google.android.checkers.f onClick (Landroid/content/DialogInterface;I)V (none) -1
0x00007314 58 com.google.android.checkers.g a ([B)Z (none) -1
