#invoke-custom.dex
0x000009a0 8 invokecustom.Super <init> ()V InvokeCustom.java 29
0x000009b8 16 invokecustom.Super targetMethodTest4 ()V InvokeCustom.java 31
0x000009d8 8 invokecustom.InvokeCustom <clinit> ()V InvokeCustom.java 102
0x000009f0 14 invokecustom.InvokeCustom <init> ()V InvokeCustom.java 39
0x00000a10 74 invokecustom.InvokeCustom <init> (I)V InvokeCustom.java 40
0x00000a6c 72 invokecustom.InvokeCustom bsmCreateCallSite (Ljava/lang/invoke/MethodHandles$Lookup;Ljava/lang/String;Ljava/lang/invoke/MethodType;Ljava/lang/invoke/MethodHandle;)Ljava/lang/invoke/CallSite; InvokeCustom.java 160
0x00000ac4 58 invokecustom.InvokeCustom bsmLookupStatic (Ljava/lang/invoke/MethodHandles$Lookup;Ljava/lang/String;Ljava/lang/invoke/MethodType;)Ljava/lang/invoke/CallSite; InvokeCustom.java 142
0x00000b10 164 invokecustom.InvokeCustom bsmLookupStaticWithExtraArgs (Ljava/lang/invoke/MethodHandles$Lookup;Ljava/lang/String;Ljava/lang/invoke/MethodType;IJFD)Ljava/lang/invoke/CallSite; InvokeCustom.java 151
0x00000bc4 270 invokecustom.InvokeCustom bsmLookupTest9 (Ljava/lang/invoke/MethodHandles$Lookup;Ljava/lang/String;Ljava/lang/invoke/MethodType;Ljava/lang/invoke/MethodHandle;Ljava/lang/invoke/MethodHandle;Ljava/lang/invoke/MethodHandle;Ljava/lang/invoke/MethodHandle;Ljava/lang/invoke/MethodHandle;Ljava/lang/invoke/MethodHandle;Ljava/lang/invoke/MethodHandle;)Ljava/lang/invoke/CallSite; InvokeCustom.java 170
0x00000ce4 164 invokecustom.InvokeCustom checkFieldTest9 (Ljava/lang/invoke/MethodHandle;Ljava/lang/invoke/MethodHandle;)V InvokeCustom.java 120
0x00000d98 160 invokecustom.InvokeCustom checkStaticFieldTest9 (Ljava/lang/invoke/MethodHandle;Ljava/lang/invoke/MethodHandle;)V InvokeCustom.java 107
0x00000e48 22 invokecustom.InvokeCustom lambda$lambdaTest$0 (Ljava/lang/String;)Z InvokeCustom.java 192
0x00000e70 142 invokecustom.InvokeCustom lambdaTest ()V InvokeCustom.java 191
0x00000f10 56 invokecustom.InvokeCustom main ([Ljava/lang/String;)V InvokeCustom.java -1
0x00000f58 16 invokecustom.InvokeCustom targetMethodTest1 ()V InvokeCustom.java 45
0x00000f78 92 invokecustom.InvokeCustom targetMethodTest2 (ZBCSIFJDLjava/lang/String;)V InvokeCustom.java 50
0x00000fe4 16 invokecustom.InvokeCustom targetMethodTest3 ()V InvokeCustom.java 62
0x00001004 166 invokecustom.InvokeCustom targetMethodTest5 (III)I InvokeCustom.java 72
0x000010bc 170 invokecustom.InvokeCustom targetMethodTest6 (JJJ)J InvokeCustom.java 81
0x00001178 172 invokecustom.InvokeCustom targetMethodTest7 (FFD)D InvokeCustom.java 90
0x00001234 50 invokecustom.InvokeCustom targetMethodTest8 (Ljava/lang/String;)V InvokeCustom.java 99
0x00001278 16 invokecustom.InvokeCustom targetMethodTest9 ()V InvokeCustom.java 133
0x00001298 8 invokecustom.InvokeCustom test1 ()V InvokeCustom.java -1
0x000012b0 54 invokecustom.InvokeCustom test2 ()V InvokeCustom.java -1
0x000012f8 8 invokecustom.InvokeCustom test3 ()V InvokeCustom.java -1
0x00001310 18 invokecustom.InvokeCustom test4 ()V InvokeCustom.java -1
0x00001334 70 invokecustom.InvokeCustom test5 ()V InvokeCustom.java -1
0x0000138c 88 invokecustom.InvokeCustom test6 ()V InvokeCustom.java -1
0x000013f4 80 invokecustom.InvokeCustom test7 ()V InvokeCustom.java -1
0x00001454 32 invokecustom.InvokeCustom test8 ()V InvokeCustom.java -1
0x00001484 8 invokecustom.InvokeCustom test9 ()V InvokeCustom.java -1
0x0000149c 54 invokecustom.InvokeCustom helperMethodTest9 ()V InvokeCustom.java 129
0x000014e4 16 invokecustom.InvokeCustom run ()V InvokeCustom.java 137
0x00001504 16 invokecustom.InvokeCustom targetMethodTest4 ()V InvokeCustom.java 68
